$ vite build
vite v5.4.19 building for production...
transforming...
Browserslist: browsers data (caniuse-lite) is 13 months old. Please run:
  npx update-browserslist-db@latest
  Why you should do it regularly: https://github.com/browserslist/update-db#readme
Ô£ô 4248 modules transformed.
rendering chunks...
computing gzip size...
dist/index.html                                 2.00 kB Ôöé gzip:     0.78 kB
dist/assets/pdf.worker.min-iDqQPrd3.mjs     1,232.30 kB
dist/assets/index-SdCZXl2O.css                131.23 kB Ôöé gzip:    21.37 kB
dist/assets/resolveIbanCliente-DhIM3zCL.js      0.51 kB Ôöé gzip:     0.31 kB
dist/assets/html2canvas.esm-CBrSDip1.js       201.42 kB Ôöé gzip:    48.03 kB
dist/assets/index-BvVHOUZr.js               5,037.99 kB Ôöé gzip: 1,428.54 kB

(!) Some chunks are larger than 500 kB after minification. Consider:
- Using dynamic import() to code-split the application
- Use build.rollupOptions.output.manualChunks to improve chunking: https://rollupjs.org/configuration-options/#output-manualchunks
- Adjust chunk size limit for this warning via build.chunkSizeWarningLimit.
Ô£ô built in 44.29s
