$ vitest run src/lib/__tests__/calcProvvigioniGaranzia.test.ts

 RUN  v3.2.4 C:/Users/Utente/visionary-canvas-09

 Ô£ô src/lib/__tests__/calcProvvigioniGaranzia.test.ts (10 tests) 10ms

 Test Files  1 passed (1)
      Tests  10 passed (10)
   Start at  18:23:06
   Duration  8.18s (transform 296ms, setup 321ms, collect 1.10s, tests 10ms, environment 1.45s, prepare 221ms)

